// Jest Snapshot v1, https://goo.gl/fbAQLP

exports[`renders homepage unchanged 1`] = `
<div>
  <div
    class="container"
  >
    <main
      class="main"
    >
      <h1
        class="title"
      >
        Next.js RabbitMQ Integration (VSCode Powerups)
      </h1>
      <div
        class="grid"
      >
        <a
          class="card"
          href="/rabbitmq-form"
        >
          <h2>
            Form to Submit Rabbit Message â†’
          </h2>
          <p>
            Form to test server + client side debugging by sending messages to external applications via RabbitMQ.
          </p>
        </a>
      </div>
    </main>
    <footer
      class="footer"
    >
      <a
        href="https://nextjs.org"
        rel="noopener noreferrer"
        target="_blank"
      >
        Built with Next.js | Powered by
         
        <span
          class="logo"
        >
          <img
            alt="Vercel Logo"
            data-nimg="1"
            decoding="async"
            height="16"
            loading="lazy"
            src="/vercel.svg"
            style="color: transparent;"
            width="72"
          />
        </span>
      </a>
    </footer>
  </div>
</div>
`;
